  XPos: 0  YPos: 0
  XPos: 0  YPos: 1
  XPos: 0  YPos: 2
  XPos: 0  YPos: 3
  XPos: 0  YPos: 4
  XPos: 0  YPos: 5
  XPos: 0  YPos: 6
  XPos: 0  YPos: 7
  XPos: 0  YPos: 8
  XPos: 0  YPos: 9
  XPos: 0  YPos: 10
  XPos: 0  YPos: 11
  XPos: 0  YPos: 12
  XPos: 0  YPos: 13
  XPos: 0  YPos: 14
  XPos: 0  YPos: 15
  XPos: 0  YPos: 16
  XPos: 0  YPos: 17
  XPos: 0  YPos: 18
  XPos: 0  YPos: 19
  XPos: 0  YPos: 20
  XPos: 0  YPos: 21
  XPos: 0  YPos: 22
  XPos: 0  YPos: 23
  XPos: 0  YPos: 24
  XPos: 0  YPos: 25
  XPos: 0  YPos: 26
  XPos: 0  YPos: 27
  XPos: 0  YPos: 28
  XPos: 0  YPos: 29
  XPos: 0  YPos: 30
  XPos: 0  YPos: 31
  XPos: 0  YPos: 32
  XPos: 0  YPos: 33
  XPos: 0  YPos: 34
  XPos: 0  YPos: 35
  XPos: 0  YPos: 36
  XPos: 0  YPos: 37
  XPos: 0  YPos: 38
  XPos: 0  YPos: 39
  XPos: 0  YPos: 40
  XPos: 0  YPos: 41
  XPos: 0  YPos: 42
  XPos: 0  YPos: 43
  XPos: 0  YPos: 44
  XPos: 0  YPos: 45
  XPos: 0  YPos: 46
  XPos: 0  YPos: 47
  XPos: 0  YPos: 48
  XPos: 0  YPos: 49
  XPos: 0  YPos: 50
  XPos: 0  YPos: 51
  XPos: 0  YPos: 52
  XPos: 0  YPos: 53
  XPos: 0  YPos: 54
  XPos: 0  YPos: 55
  XPos: 0  YPos: 56
  XPos: 0  YPos: 57
  XPos: 0  YPos: 58
  XPos: 0  YPos: 59
  XPos: 0  YPos: 60
  XPos: 0  YPos: 61
  XPos: 0  YPos: 62
  XPos: 0  YPos: 63
  XPos: 0  YPos: 64
  XPos: 0  YPos: 65
  XPos: 0  YPos: 66
  XPos: 0  YPos: 67
  XPos: 0  YPos: 68
  XPos: 0  YPos: 69
  XPos: 0  YPos: 70
  XPos: 0  YPos: 71
  XPos: 0  YPos: 72
  XPos: 0  YPos: 73
  XPos: 0  YPos: 74
  XPos: 0  YPos: 75
  XPos: 0  YPos: 76
  XPos: 0  YPos: 77
  XPos: 0  YPos: 78
  XPos: 0  YPos: 79
  XPos: 0  YPos: 80
  XPos: 0  YPos: 81
  XPos: 0  YPos: 82
  XPos: 0  YPos: 83
  XPos: 0  YPos: 84
  XPos: 0  YPos: 85
  XPos: 0  YPos: 86
  XPos: 0  YPos: 87
  XPos: 0  YPos: 88
  XPos: 0  YPos: 89
  XPos: 0  YPos: 90
  XPos: 0  YPos: 91
  XPos: 0  YPos: 92
  XPos: 0  YPos: 93
  XPos: 0  YPos: 94
  XPos: 0  YPos: 95
  XPos: 0  YPos: 96
  XPos: 0  YPos: 97
  XPos: 0  YPos: 98
  XPos: 0  YPos: 99
  XPos: 0  YPos: 100
  XPos: 0  YPos: 100
  XPos: 1  YPos: 100
  XPos: 2  YPos: 100
  XPos: 3  YPos: 100
  XPos: 4  YPos: 100
  XPos: 5  YPos: 100
  XPos: 6  YPos: 100
  XPos: 7  YPos: 100
  XPos: 8  YPos: 100
  XPos: 9  YPos: 100
  XPos: 10  YPos: 100
  XPos: 11  YPos: 100
  XPos: 12  YPos: 100
  XPos: 13  YPos: 100
  XPos: 14  YPos: 100
  XPos: 15  YPos: 100
  XPos: 16  YPos: 100
  XPos: 17  YPos: 100
  XPos: 18  YPos: 100
  XPos: 19  YPos: 100
  XPos: 20  YPos: 100
  XPos: 21  YPos: 100
  XPos: 22  YPos: 100
  XPos: 23  YPos: 100
  XPos: 24  YPos: 100
  XPos: 25  YPos: 100
  XPos: 26  YPos: 100
  XPos: 27  YPos: 100
  XPos: 28  YPos: 100
  XPos: 29  YPos: 100
  XPos: 30  YPos: 100
  XPos: 31  YPos: 100
  XPos: 32  YPos: 100
  XPos: 33  YPos: 100
  XPos: 34  YPos: 100
  XPos: 35  YPos: 100
  XPos: 36  YPos: 100
  XPos: 37  YPos: 100
  XPos: 38  YPos: 100
  XPos: 39  YPos: 100
  XPos: 40  YPos: 100
  XPos: 41  YPos: 100
  XPos: 42  YPos: 100
  XPos: 43  YPos: 100
  XPos: 44  YPos: 100
  XPos: 45  YPos: 100
  XPos: 46  YPos: 100
  XPos: 47  YPos: 100
  XPos: 48  YPos: 100
  XPos: 49  YPos: 100
  XPos: 50  YPos: 100
  XPos: 51  YPos: 100
  XPos: 52  YPos: 100
  XPos: 53  YPos: 100
  XPos: 54  YPos: 100
  XPos: 55  YPos: 100
  XPos: 56  YPos: 100
  XPos: 57  YPos: 100
  XPos: 58  YPos: 100
  XPos: 59  YPos: 100
  XPos: 60  YPos: 100
  XPos: 61  YPos: 100
  XPos: 62  YPos: 100
  XPos: 63  YPos: 100
  XPos: 64  YPos: 100
  XPos: 65  YPos: 100
  XPos: 66  YPos: 100
  XPos: 67  YPos: 100
  XPos: 68  YPos: 100
  XPos: 69  YPos: 100
  XPos: 70  YPos: 100
  XPos: 71  YPos: 100
  XPos: 72  YPos: 100
  XPos: 73  YPos: 100
  XPos: 74  YPos: 100
  XPos: 75  YPos: 100
  XPos: 76  YPos: 100
  XPos: 77  YPos: 100
  XPos: 78  YPos: 100
  XPos: 79  YPos: 100
  XPos: 80  YPos: 100
  XPos: 81  YPos: 100
  XPos: 82  YPos: 100
  XPos: 83  YPos: 100
  XPos: 84  YPos: 100
  XPos: 85  YPos: 100
  XPos: 86  YPos: 100
  XPos: 87  YPos: 100
  XPos: 88  YPos: 100
  XPos: 89  YPos: 100
  XPos: 90  YPos: 100
  XPos: 91  YPos: 100
  XPos: 92  YPos: 100
  XPos: 93  YPos: 100
  XPos: 94  YPos: 100
  XPos: 95  YPos: 100
  XPos: 96  YPos: 100
  XPos: 97  YPos: 100
  XPos: 98  YPos: 100
  XPos: 99  YPos: 100
  XPos: 100  YPos: 100
  XPos: 100  YPos: 100
  XPos: 100  YPos: 99
  XPos: 100  YPos: 98
  XPos: 100  YPos: 97
  XPos: 100  YPos: 96
  XPos: 100  YPos: 95
  XPos: 100  YPos: 94
  XPos: 100  YPos: 93
  XPos: 100  YPos: 92
  XPos: 100  YPos: 91
  XPos: 100  YPos: 90
  XPos: 100  YPos: 89
  XPos: 100  YPos: 88
  XPos: 100  YPos: 87
  XPos: 100  YPos: 86
  XPos: 100  YPos: 85
  XPos: 100  YPos: 84
  XPos: 100  YPos: 83
  XPos: 100  YPos: 82
  XPos: 100  YPos: 81
  XPos: 100  YPos: 80
  XPos: 100  YPos: 79
  XPos: 100  YPos: 78
  XPos: 100  YPos: 77
  XPos: 100  YPos: 76
  XPos: 100  YPos: 75
  XPos: 100  YPos: 74
  XPos: 100  YPos: 73
  XPos: 100  YPos: 72
  XPos: 100  YPos: 71
  XPos: 100  YPos: 70
  XPos: 100  YPos: 69
  XPos: 100  YPos: 68
  XPos: 100  YPos: 67
  XPos: 100  YPos: 66
  XPos: 100  YPos: 65
  XPos: 100  YPos: 64
  XPos: 100  YPos: 63
  XPos: 100  YPos: 62
  XPos: 100  YPos: 61
  XPos: 100  YPos: 60
  XPos: 100  YPos: 59
  XPos: 100  YPos: 58
  XPos: 100  YPos: 57
  XPos: 100  YPos: 56
  XPos: 100  YPos: 55
  XPos: 100  YPos: 54
  XPos: 100  YPos: 53
  XPos: 100  YPos: 52
  XPos: 100  YPos: 51
  XPos: 100  YPos: 50
  XPos: 100  YPos: 49
  XPos: 100  YPos: 48
  XPos: 100  YPos: 47
  XPos: 100  YPos: 46
  XPos: 100  YPos: 45
  XPos: 100  YPos: 44
  XPos: 100  YPos: 43
  XPos: 100  YPos: 42
  XPos: 100  YPos: 41
  XPos: 100  YPos: 40
  XPos: 100  YPos: 39
  XPos: 100  YPos: 38
  XPos: 100  YPos: 37
  XPos: 100  YPos: 36
  XPos: 100  YPos: 35
  XPos: 100  YPos: 34
  XPos: 100  YPos: 33
  XPos: 100  YPos: 32
  XPos: 100  YPos: 31
  XPos: 100  YPos: 30
  XPos: 100  YPos: 29
  XPos: 100  YPos: 28
  XPos: 100  YPos: 27
  XPos: 100  YPos: 26
  XPos: 100  YPos: 25
  XPos: 100  YPos: 24
  XPos: 100  YPos: 23
  XPos: 100  YPos: 22
  XPos: 100  YPos: 21
  XPos: 100  YPos: 20
  XPos: 100  YPos: 19
  XPos: 100  YPos: 18
  XPos: 100  YPos: 17
  XPos: 100  YPos: 16
  XPos: 100  YPos: 15
  XPos: 100  YPos: 14
  XPos: 100  YPos: 13
  XPos: 100  YPos: 12
  XPos: 100  YPos: 11
  XPos: 100  YPos: 10
  XPos: 100  YPos: 9
  XPos: 100  YPos: 8
  XPos: 100  YPos: 7
  XPos: 100  YPos: 6
  XPos: 100  YPos: 5
  XPos: 100  YPos: 4
  XPos: 100  YPos: 3
  XPos: 100  YPos: 2
  XPos: 100  YPos: 1
  XPos: 100  YPos: 0
  XPos: 100  YPos: 0
  XPos: 99  YPos: 0
  XPos: 98  YPos: 0
  XPos: 97  YPos: 0
  XPos: 96  YPos: 0
  XPos: 95  YPos: 0
  XPos: 94  YPos: 0
  XPos: 93  YPos: 0
  XPos: 92  YPos: 0
  XPos: 91  YPos: 0
  XPos: 90  YPos: 0
  XPos: 89  YPos: 0
  XPos: 88  YPos: 0
  XPos: 87  YPos: 0
  XPos: 86  YPos: 0
  XPos: 85  YPos: 0
  XPos: 84  YPos: 0
  XPos: 83  YPos: 0
  XPos: 82  YPos: 0
  XPos: 81  YPos: 0
  XPos: 80  YPos: 0
  XPos: 79  YPos: 0
  XPos: 78  YPos: 0
  XPos: 77  YPos: 0
  XPos: 76  YPos: 0
  XPos: 75  YPos: 0
  XPos: 74  YPos: 0
  XPos: 73  YPos: 0
  XPos: 72  YPos: 0
  XPos: 71  YPos: 0
  XPos: 70  YPos: 0
  XPos: 69  YPos: 0
  XPos: 68  YPos: 0
  XPos: 67  YPos: 0
  XPos: 66  YPos: 0
  XPos: 65  YPos: 0
  XPos: 64  YPos: 0
  XPos: 63  YPos: 0
  XPos: 62  YPos: 0
  XPos: 61  YPos: 0
  XPos: 60  YPos: 0
  XPos: 59  YPos: 0
  XPos: 58  YPos: 0
  XPos: 57  YPos: 0
  XPos: 56  YPos: 0
  XPos: 55  YPos: 0
  XPos: 54  YPos: 0
  XPos: 53  YPos: 0
  XPos: 52  YPos: 0
  XPos: 51  YPos: 0
  XPos: 50  YPos: 0
  XPos: 49  YPos: 0
  XPos: 48  YPos: 0
  XPos: 47  YPos: 0
  XPos: 46  YPos: 0
  XPos: 45  YPos: 0
  XPos: 44  YPos: 0
  XPos: 43  YPos: 0
  XPos: 42  YPos: 0
  XPos: 41  YPos: 0
  XPos: 40  YPos: 0
  XPos: 39  YPos: 0
  XPos: 38  YPos: 0
  XPos: 37  YPos: 0
  XPos: 36  YPos: 0
  XPos: 35  YPos: 0
  XPos: 34  YPos: 0
  XPos: 33  YPos: 0
  XPos: 32  YPos: 0
  XPos: 31  YPos: 0
  XPos: 30  YPos: 0
  XPos: 29  YPos: 0
  XPos: 28  YPos: 0
  XPos: 27  YPos: 0
  XPos: 26  YPos: 0
  XPos: 25  YPos: 0
  XPos: 24  YPos: 0
  XPos: 23  YPos: 0
  XPos: 22  YPos: 0
  XPos: 21  YPos: 0
  XPos: 20  YPos: 0
  XPos: 19  YPos: 0
  XPos: 18  YPos: 0
  XPos: 17  YPos: 0
  XPos: 16  YPos: 0
  XPos: 15  YPos: 0
  XPos: 14  YPos: 0
  XPos: 13  YPos: 0
  XPos: 12  YPos: 0
  XPos: 11  YPos: 0
  XPos: 10  YPos: 0
  XPos: 9  YPos: 0
  XPos: 8  YPos: 0
  XPos: 7  YPos: 0
  XPos: 6  YPos: 0
  XPos: 5  YPos: 0
  XPos: 4  YPos: 0
  XPos: 3  YPos: 0
  XPos: 2  YPos: 0
  XPos: 1  YPos: 0
  XPos: 0  YPos: 0
  XPos: 0  YPos: 0
  XPos: 0  YPos: 1
  XPos: 0  YPos: 2
  XPos: 0  YPos: 3
  XPos: 0  YPos: 4
  XPos: 0  YPos: 5
  XPos: 0  YPos: 6
  XPos: 0  YPos: 7
  XPos: 0  YPos: 8
  XPos: 0  YPos: 9
  XPos: 0  YPos: 10
  XPos: 0  YPos: 11
  XPos: 0  YPos: 12
  XPos: 0  YPos: 13
  XPos: 0  YPos: 14
  XPos: 0  YPos: 15
  XPos: 0  YPos: 16
  XPos: 0  YPos: 17
  XPos: 0  YPos: 18
  XPos: 0  YPos: 19
  XPos: 0  YPos: 20
  XPos: 0  YPos: 21
  XPos: 0  YPos: 22
  XPos: 0  YPos: 23
  XPos: 0  YPos: 24
  XPos: 0  YPos: 25
  XPos: 0  YPos: 26
  XPos: 0  YPos: 27
  XPos: 0  YPos: 28
  XPos: 0  YPos: 29
  XPos: 0  YPos: 30
  XPos: 0  YPos: 31
  XPos: 0  YPos: 32
  XPos: 0  YPos: 33
  XPos: 0  YPos: 34
  XPos: 0  YPos: 35
  XPos: 0  YPos: 36
  XPos: 0  YPos: 37
  XPos: 0  YPos: 38
  XPos: 0  YPos: 39
  XPos: 0  YPos: 40
  XPos: 0  YPos: 41
  XPos: 0  YPos: 42
  XPos: 0  YPos: 43
  XPos: 0  YPos: 44
  XPos: 0  YPos: 45
  XPos: 0  YPos: 46
  XPos: 0  YPos: 47
  XPos: 0  YPos: 48
  XPos: 0  YPos: 49
  XPos: 0  YPos: 50
  XPos: 0  YPos: 51
  XPos: 0  YPos: 52
  XPos: 0  YPos: 53
  XPos: 0  YPos: 54
  XPos: 0  YPos: 55
  XPos: 0  YPos: 56
  XPos: 0  YPos: 57
  XPos: 0  YPos: 58
  XPos: 0  YPos: 59
  XPos: 0  YPos: 60
  XPos: 0  YPos: 61
  XPos: 0  YPos: 62
  XPos: 0  YPos: 63
  XPos: 0  YPos: 64
  XPos: 0  YPos: 65
  XPos: 0  YPos: 66
  XPos: 0  YPos: 67
  XPos: 0  YPos: 68
  XPos: 0  YPos: 69
  XPos: 0  YPos: 70
  XPos: 0  YPos: 71
  XPos: 0  YPos: 72
  XPos: 0  YPos: 73
  XPos: 0  YPos: 74
  XPos: 0  YPos: 75
  XPos: 0  YPos: 76
  XPos: 0  YPos: 77
  XPos: 0  YPos: 78
  XPos: 0  YPos: 79
  XPos: 0  YPos: 80
  XPos: 0  YPos: 81
  XPos: 0  YPos: 82
  XPos: 0  YPos: 83
  XPos: 0  YPos: 84
  XPos: 0  YPos: 85
  XPos: 0  YPos: 86
  XPos: 0  YPos: 87
  XPos: 0  YPos: 88
  XPos: 0  YPos: 89
  XPos: 0  YPos: 90
  XPos: 0  YPos: 91
  XPos: 0  YPos: 92
  XPos: 0  YPos: 93
  XPos: 0  YPos: 94
  XPos: 0  YPos: 95
  XPos: 0  YPos: 96
  XPos: 0  YPos: 97
  XPos: 0  YPos: 98
  XPos: 0  YPos: 99
  XPos: 0  YPos: 100
  XPos: 0  YPos: 100
  XPos: 1  YPos: 100
  XPos: 2  YPos: 100
  XPos: 3  YPos: 100
  XPos: 4  YPos: 100
  XPos: 5  YPos: 100
  XPos: 6  YPos: 100
  XPos: 7  YPos: 100
  XPos: 8  YPos: 100
  XPos: 9  YPos: 100
  XPos: 10  YPos: 100
  XPos: 11  YPos: 100
  XPos: 12  YPos: 100
  XPos: 13  YPos: 100
  XPos: 14  YPos: 100
  XPos: 15  YPos: 100
  XPos: 16  YPos: 100
  XPos: 17  YPos: 100
  XPos: 18  YPos: 100
  XPos: 19  YPos: 100
  XPos: 20  YPos: 100
  XPos: 21  YPos: 100
  XPos: 22  YPos: 100
  XPos: 23  YPos: 100
  XPos: 24  YPos: 100
  XPos: 25  YPos: 100
  XPos: 26  YPos: 100
  XPos: 27  YPos: 100
  XPos: 28  YPos: 100
  XPos: 29  YPos: 100
  XPos: 30  YPos: 100
  XPos: 31  YPos: 100
  XPos: 32  YPos: 100
  XPos: 33  YPos: 100
  XPos: 34  YPos: 100
  XPos: 35  YPos: 100
  XPos: 36  YPos: 100
  XPos: 37  YPos: 100
  XPos: 38  YPos: 100
  XPos: 39  YPos: 100
  XPos: 40  YPos: 100
  XPos: 41  YPos: 100
  XPos: 42  YPos: 100
  XPos: 43  YPos: 100
  XPos: 44  YPos: 100
  XPos: 45  YPos: 100
  XPos: 46  YPos: 100
  XPos: 47  YPos: 100
  XPos: 48  YPos: 100
  XPos: 49  YPos: 100
  XPos: 50  YPos: 100
  XPos: 51  YPos: 100
  XPos: 52  YPos: 100
  XPos: 53  YPos: 100
  XPos: 54  YPos: 100
  XPos: 55  YPos: 100
  XPos: 56  YPos: 100
  XPos: 57  YPos: 100
  XPos: 58  YPos: 100
  XPos: 59  YPos: 100
  XPos: 60  YPos: 100
  XPos: 61  YPos: 100
  XPos: 62  YPos: 100
  XPos: 63  YPos: 100
  XPos: 64  YPos: 100
  XPos: 65  YPos: 100
  XPos: 66  YPos: 100
  XPos: 67  YPos: 100
  XPos: 68  YPos: 100
  XPos: 69  YPos: 100
  XPos: 70  YPos: 100
  XPos: 71  YPos: 100
  XPos: 72  YPos: 100
  XPos: 73  YPos: 100
  XPos: 74  YPos: 100
  XPos: 75  YPos: 100
  XPos: 76  YPos: 100
  XPos: 77  YPos: 100
  XPos: 78  YPos: 100
  XPos: 79  YPos: 100
  XPos: 80  YPos: 100
  XPos: 81  YPos: 100
  XPos: 82  YPos: 100
  XPos: 83  YPos: 100
  XPos: 84  YPos: 100
  XPos: 85  YPos: 100
  XPos: 86  YPos: 100
  XPos: 87  YPos: 100
  XPos: 88  YPos: 100
  XPos: 89  YPos: 100
  XPos: 90  YPos: 100
  XPos: 91  YPos: 100
  XPos: 92  YPos: 100
  XPos: 93  YPos: 100
  XPos: 94  YPos: 100
  XPos: 95  YPos: 100
  XPos: 96  YPos: 100
  XPos: 97  YPos: 100
  XPos: 98  YPos: 100
  XPos: 99  YPos: 100
  XPos: 100  YPos: 100
  XPos: 100  YPos: 100
  XPos: 100  YPos: 99
  XPos: 100  YPos: 98
  XPos: 100  YPos: 97
  XPos: 100  YPos: 96
  XPos: 100  YPos: 95
  XPos: 100  YPos: 94
  XPos: 100  YPos: 93
  XPos: 100  YPos: 92
  XPos: 100  YPos: 91
  XPos: 100  YPos: 90
  XPos: 100  YPos: 89
  XPos: 100  YPos: 88
  XPos: 100  YPos: 87
  XPos: 100  YPos: 86
  XPos: 100  YPos: 85
  XPos: 100  YPos: 84
  XPos: 100  YPos: 83
  XPos: 100  YPos: 82
  XPos: 100  YPos: 81
  XPos: 100  YPos: 80
  XPos: 100  YPos: 79
  XPos: 100  YPos: 78
  XPos: 100  YPos: 77
  XPos: 100  YPos: 76
  XPos: 100  YPos: 75
  XPos: 100  YPos: 74
  XPos: 100  YPos: 73
  XPos: 100  YPos: 72
  XPos: 100  YPos: 71
  XPos: 100  YPos: 70
  XPos: 100  YPos: 69
  XPos: 100  YPos: 68
  XPos: 100  YPos: 67
  XPos: 100  YPos: 66
  XPos: 100  YPos: 65
  XPos: 100  YPos: 64
  XPos: 100  YPos: 63
  XPos: 100  YPos: 62
  XPos: 100  YPos: 61
  XPos: 100  YPos: 60
  XPos: 100  YPos: 59
  XPos: 100  YPos: 58
  XPos: 100  YPos: 57
  XPos: 100  YPos: 56
  XPos: 100  YPos: 55
  XPos: 100  YPos: 54
  XPos: 100  YPos: 53
  XPos: 100  YPos: 52
  XPos: 100  YPos: 51
  XPos: 100  YPos: 50
  XPos: 100  YPos: 49
  XPos: 100  YPos: 48
  XPos: 100  YPos: 47
  XPos: 100  YPos: 46
  XPos: 100  YPos: 45
  XPos: 100  YPos: 44
  XPos: 100  YPos: 43
  XPos: 100  YPos: 42
  XPos: 100  YPos: 41
  XPos: 100  YPos: 40
  XPos: 100  YPos: 39
  XPos: 100  YPos: 38
  XPos: 100  YPos: 37
  XPos: 100  YPos: 36
  XPos: 100  YPos: 35
  XPos: 100  YPos: 34
  XPos: 100  YPos: 33
  XPos: 100  YPos: 32
  XPos: 100  YPos: 31
  XPos: 100  YPos: 30
  XPos: 100  YPos: 29
  XPos: 100  YPos: 28
  XPos: 100  YPos: 27
  XPos: 100  YPos: 26
  XPos: 100  YPos: 25
  XPos: 100  YPos: 24
  XPos: 100  YPos: 23
  XPos: 100  YPos: 22
  XPos: 100  YPos: 21
  XPos: 100  YPos: 20
  XPos: 100  YPos: 19
  XPos: 100  YPos: 18
  XPos: 100  YPos: 17
  XPos: 100  YPos: 16
  XPos: 100  YPos: 15
  XPos: 100  YPos: 14
  XPos: 100  YPos: 13
  XPos: 100  YPos: 12
  XPos: 100  YPos: 11
  XPos: 100  YPos: 10
  XPos: 100  YPos: 9
  XPos: 100  YPos: 8
  XPos: 100  YPos: 7
  XPos: 100  YPos: 6
  XPos: 100  YPos: 5
  XPos: 100  YPos: 4
  XPos: 100  YPos: 3
  XPos: 100  YPos: 2
  XPos: 100  YPos: 1
  XPos: 100  YPos: 0
  XPos: 100  YPos: 0
  XPos: 99  YPos: 0
  XPos: 98  YPos: 0
  XPos: 97  YPos: 0
  XPos: 96  YPos: 0
  XPos: 95  YPos: 0
  XPos: 94  YPos: 0
  XPos: 93  YPos: 0
  XPos: 92  YPos: 0
  XPos: 91  YPos: 0
  XPos: 90  YPos: 0
  XPos: 89  YPos: 0
  XPos: 88  YPos: 0
  XPos: 87  YPos: 0
  XPos: 86  YPos: 0
  XPos: 85  YPos: 0
  XPos: 84  YPos: 0
  XPos: 83  YPos: 0
  XPos: 82  YPos: 0
  XPos: 81  YPos: 0
  XPos: 80  YPos: 0
  XPos: 79  YPos: 0
  XPos: 78  YPos: 0
  XPos: 77  YPos: 0
  XPos: 76  YPos: 0
  XPos: 75  YPos: 0
  XPos: 74  YPos: 0
  XPos: 73  YPos: 0
  XPos: 72  YPos: 0
  XPos: 71  YPos: 0
  XPos: 70  YPos: 0
  XPos: 69  YPos: 0
  XPos: 68  YPos: 0
  XPos: 67  YPos: 0
  XPos: 66  YPos: 0
  XPos: 65  YPos: 0
  XPos: 64  YPos: 0
  XPos: 63  YPos: 0
  XPos: 62  YPos: 0
  XPos: 61  YPos: 0
  XPos: 60  YPos: 0
  XPos: 59  YPos: 0
  XPos: 58  YPos: 0
  XPos: 57  YPos: 0
  XPos: 56  YPos: 0
  XPos: 55  YPos: 0
  XPos: 54  YPos: 0
  XPos: 53  YPos: 0
  XPos: 52  YPos: 0
  XPos: 51  YPos: 0
  XPos: 50  YPos: 0
  XPos: 49  YPos: 0
  XPos: 48  YPos: 0
  XPos: 47  YPos: 0
  XPos: 46  YPos: 0
  XPos: 45  YPos: 0
  XPos: 44  YPos: 0
  XPos: 43  YPos: 0
  XPos: 42  YPos: 0
  XPos: 41  YPos: 0
  XPos: 40  YPos: 0
  XPos: 39  YPos: 0
  XPos: 38  YPos: 0
  XPos: 37  YPos: 0
  XPos: 36  YPos: 0
  XPos: 35  YPos: 0
  XPos: 34  YPos: 0
  XPos: 33  YPos: 0
  XPos: 32  YPos: 0
  XPos: 31  YPos: 0
  XPos: 30  YPos: 0
  XPos: 29  YPos: 0
  XPos: 28  YPos: 0
  XPos: 27  YPos: 0
  XPos: 26  YPos: 0
  XPos: 25  YPos: 0
  XPos: 24  YPos: 0
  XPos: 23  YPos: 0
  XPos: 22  YPos: 0
  XPos: 21  YPos: 0
  XPos: 20  YPos: 0
  XPos: 19  YPos: 0
  XPos: 18  YPos: 0
  XPos: 17  YPos: 0
  XPos: 16  YPos: 0
  XPos: 15  YPos: 0
  XPos: 14  YPos: 0
  XPos: 13  YPos: 0
  XPos: 12  YPos: 0
  XPos: 11  YPos: 0
  XPos: 10  YPos: 0
  XPos: 9  YPos: 0
  XPos: 8  YPos: 0
  XPos: 7  YPos: 0
  XPos: 6  YPos: 0
  XPos: 5  YPos: 0
  XPos: 4  YPos: 0
  XPos: 3  YPos: 0
  XPos: 2  YPos: 0
  XPos: 1  YPos: 0
  XPos: 0  YPos: 0
  XPos: 0  YPos: 0
  XPos: 0  YPos: 1
  XPos: 0  YPos: 2
  XPos: 0  YPos: 3
  XPos: 0  YPos: 4
  XPos: 0  YPos: 5
  XPos: 0  YPos: 6
  XPos: 0  YPos: 7
  XPos: 0  YPos: 8
  XPos: 0  YPos: 9
  XPos: 0  YPos: 10
  XPos: 0  YPos: 11
  XPos: 0  YPos: 12
  XPos: 0  YPos: 13
  XPos: 0  YPos: 14
  XPos: 0  YPos: 15
  XPos: 0  YPos: 16
  XPos: 0  YPos: 17
  XPos: 0  YPos: 18
  XPos: 0  YPos: 19
  XPos: 0  YPos: 20
  XPos: 0  YPos: 21
  XPos: 0  YPos: 22
  XPos: 0  YPos: 23
  XPos: 0  YPos: 24
  XPos: 0  YPos: 25
  XPos: 0  YPos: 26
  XPos: 0  YPos: 27
  XPos: 0  YPos: 28
  XPos: 0  YPos: 29
  XPos: 0  YPos: 30
  XPos: 0  YPos: 31
  XPos: 0  YPos: 32
  XPos: 0  YPos: 33
  XPos: 0  YPos: 34
  XPos: 0  YPos: 35
  XPos: 0  YPos: 36
  XPos: 0  YPos: 37
  XPos: 0  YPos: 38
  XPos: 0  YPos: 39
  XPos: 0  YPos: 40
  XPos: 0  YPos: 41
  XPos: 0  YPos: 42
  XPos: 0  YPos: 43
  XPos: 0  YPos: 44
  XPos: 0  YPos: 45
  XPos: 0  YPos: 46
  XPos: 0  YPos: 47
  XPos: 0  YPos: 48
  XPos: 0  YPos: 49
  XPos: 0  YPos: 50
  XPos: 0  YPos: 51
  XPos: 0  YPos: 52
  XPos: 0  YPos: 53
  XPos: 0  YPos: 54
  XPos: 0  YPos: 55
  XPos: 0  YPos: 56
  XPos: 0  YPos: 57
  XPos: 0  YPos: 58
  XPos: 0  YPos: 59
  XPos: 0  YPos: 60
  XPos: 0  YPos: 61
  XPos: 0  YPos: 62
  XPos: 0  YPos: 63
  XPos: 0  YPos: 64
  XPos: 0  YPos: 65
  XPos: 0  YPos: 66
  XPos: 0  YPos: 67
  XPos: 0  YPos: 68
  XPos: 0  YPos: 69
  XPos: 0  YPos: 70
  XPos: 0  YPos: 71
  XPos: 0  YPos: 72
  XPos: 0  YPos: 73
  XPos: 0  YPos: 74
  XPos: 0  YPos: 75
  XPos: 0  YPos: 76
  XPos: 0  YPos: 77
  XPos: 0  YPos: 78
  XPos: 0  YPos: 79
  XPos: 0  YPos: 80
  XPos: 0  YPos: 81
  XPos: 0  YPos: 82
  XPos: 0  YPos: 83
  XPos: 0  YPos: 84
  XPos: 0  YPos: 85
  XPos: 0  YPos: 86
  XPos: 0  YPos: 87
  XPos: 0  YPos: 88
  XPos: 0  YPos: 89
  XPos: 0  YPos: 90
  XPos: 0  YPos: 91
  XPos: 0  YPos: 92
  XPos: 0  YPos: 93
  XPos: 0  YPos: 94
  XPos: 0  YPos: 95
  XPos: 0  YPos: 96
  XPos: 0  YPos: 97
  XPos: 0  YPos: 98
  XPos: 0  YPos: 99
  XPos: 0  YPos: 100
  XPos: 0  YPos: 100
  XPos: 1  YPos: 100
  XPos: 2  YPos: 100
  XPos: 3  YPos: 100
  XPos: 4  YPos: 100
  XPos: 5  YPos: 100
  XPos: 6  YPos: 100
  XPos: 7  YPos: 100
  XPos: 8  YPos: 100
  XPos: 9  YPos: 100
  XPos: 10  YPos: 100
  XPos: 11  YPos: 100
  XPos: 12  YPos: 100
  XPos: 13  YPos: 100
  XPos: 14  YPos: 100
  XPos: 15  YPos: 100
  XPos: 16  YPos: 100
  XPos: 17  YPos: 100
  XPos: 18  YPos: 100
  XPos: 19  YPos: 100
  XPos: 20  YPos: 100
  XPos: 21  YPos: 100
  XPos: 22  YPos: 100
  XPos: 23  YPos: 100
  XPos: 24  YPos: 100
  XPos: 25  YPos: 100
  XPos: 26  YPos: 100
  XPos: 27  YPos: 100
  XPos: 28  YPos: 100
  XPos: 29  YPos: 100
  XPos: 30  YPos: 100
  XPos: 31  YPos: 100
  XPos: 32  YPos: 100
  XPos: 33  YPos: 100
  XPos: 34  YPos: 100
  XPos: 35  YPos: 100
  XPos: 36  YPos: 100
  XPos: 37  YPos: 100
  XPos: 38  YPos: 100
  XPos: 39  YPos: 100
  XPos: 40  YPos: 100
  XPos: 41  YPos: 100
  XPos: 42  YPos: 100
  XPos: 43  YPos: 100
  XPos: 44  YPos: 100
  XPos: 45  YPos: 100
  XPos: 46  YPos: 100
  XPos: 47  YPos: 100
  XPos: 48  YPos: 100
  XPos: 49  YPos: 100
  XPos: 50  YPos: 100
  XPos: 51  YPos: 100
  XPos: 52  YPos: 100
  XPos: 53  YPos: 100
  XPos: 54  YPos: 100
  XPos: 55  YPos: 100
  XPos: 56  YPos: 100
  XPos: 57  YPos: 100
  XPos: 58  YPos: 100
  XPos: 59  YPos: 100
  XPos: 60  YPos: 100
  XPos: 61  YPos: 100
  XPos: 62  YPos: 100
  XPos: 63  YPos: 100
  XPos: 64  YPos: 100
  XPos: 65  YPos: 100
  XPos: 66  YPos: 100
  XPos: 67  YPos: 100
  XPos: 68  YPos: 100
  XPos: 69  YPos: 100
  XPos: 70  YPos: 100
  XPos: 71  YPos: 100
  XPos: 72  YPos: 100
  XPos: 73  YPos: 100
  XPos: 74  YPos: 100
  XPos: 75  YPos: 100
  XPos: 76  YPos: 100
  XPos: 77  YPos: 100
  XPos: 78  YPos: 100
  XPos: 79  YPos: 100
  XPos: 80  YPos: 100
  XPos: 81  YPos: 100
  XPos: 82  YPos: 100
  XPos: 83  YPos: 100
  XPos: 84  YPos: 100
  XPos: 85  YPos: 100
  XPos: 86  YPos: 100
  XPos: 87  YPos: 100
  XPos: 88  YPos: 100
  XPos: 89  YPos: 100
  XPos: 90  YPos: 100
  XPos: 91  YPos: 100
  XPos: 92  YPos: 100
  XPos: 93  YPos: 100
  XPos: 94  YPos: 100
  XPos: 95  YPos: 100
  XPos: 96  YPos: 100
  XPos: 97  YPos: 100
  XPos: 98  YPos: 100
  XPos: 99  YPos: 100
  XPos: 100  YPos: 100
  XPos: 100  YPos: 100
  XPos: 100  YPos: 99
  XPos: 100  YPos: 98
  XPos: 100  YPos: 97
  XPos: 100  YPos: 96
  XPos: 100  YPos: 95
  XPos: 100  YPos: 94
  XPos: 100  YPos: 93
  XPos: 100  YPos: 92
  XPos: 100  YPos: 91
  XPos: 100  YPos: 90
  XPos: 100  YPos: 89
  XPos: 100  YPos: 88
  XPos: 100  YPos: 87
  XPos: 100  YPos: 86
  XPos: 100  YPos: 85
  XPos: 100  YPos: 84
  XPos: 100  YPos: 83
  XPos: 100  YPos: 82
  XPos: 100  YPos: 81
  XPos: 100  YPos: 80
  XPos: 100  YPos: 79
  XPos: 100  YPos: 78
  XPos: 100  YPos: 77
  XPos: 100  YPos: 76
  XPos: 100  YPos: 75
  XPos: 100  YPos: 74
  XPos: 100  YPos: 73
  XPos: 100  YPos: 72
  XPos: 100  YPos: 71
  XPos: 100  YPos: 70
  XPos: 100  YPos: 69
  XPos: 100  YPos: 68
  XPos: 100  YPos: 67
  XPos: 100  YPos: 66
  XPos: 100  YPos: 65
  XPos: 100  YPos: 64
  XPos: 100  YPos: 63
  XPos: 100  YPos: 62
  XPos: 100  YPos: 61
  XPos: 100  YPos: 60
  XPos: 100  YPos: 59
  XPos: 100  YPos: 58
  XPos: 100  YPos: 57
  XPos: 100  YPos: 56
  XPos: 100  YPos: 55
  XPos: 100  YPos: 54
  XPos: 100  YPos: 53
  XPos: 100  YPos: 52
  XPos: 100  YPos: 51
  XPos: 100  YPos: 50
  XPos: 100  YPos: 49
  XPos: 100  YPos: 48
  XPos: 100  YPos: 47
  XPos: 100  YPos: 46
  XPos: 100  YPos: 45
  XPos: 100  YPos: 44
  XPos: 100  YPos: 43
  XPos: 100  YPos: 42
  XPos: 100  YPos: 41
  XPos: 100  YPos: 40
  XPos: 100  YPos: 39
  XPos: 100  YPos: 38
  XPos: 100  YPos: 37
  XPos: 100  YPos: 36
  XPos: 100  YPos: 35
  XPos: 100  YPos: 34
  XPos: 100  YPos: 33
  XPos: 100  YPos: 32
  XPos: 100  YPos: 31
  XPos: 100  YPos: 30
  XPos: 100  YPos: 29
  XPos: 100  YPos: 28
  XPos: 100  YPos: 27
  XPos: 100  YPos: 26
  XPos: 100  YPos: 25
  XPos: 100  YPos: 24
  XPos: 100  YPos: 23
  XPos: 100  YPos: 22
  XPos: 100  YPos: 21
  XPos: 100  YPos: 20
  XPos: 100  YPos: 19
  XPos: 100  YPos: 18
  XPos: 100  YPos: 17
  XPos: 100  YPos: 16
  XPos: 100  YPos: 15
  XPos: 100  YPos: 14
  XPos: 100  YPos: 13
  XPos: 100  YPos: 12
  XPos: 100  YPos: 11
  XPos: 100  YPos: 10
  XPos: 100  YPos: 9
  XPos: 100  YPos: 8
  XPos: 100  YPos: 7
  XPos: 100  YPos: 6
  XPos: 100  YPos: 5
  XPos: 100  YPos: 4
  XPos: 100  YPos: 3
  XPos: 100  YPos: 2
  XPos: 100  YPos: 1
  XPos: 100  YPos: 0
  XPos: 100  YPos: 0
  XPos: 99  YPos: 0
  XPos: 98  YPos: 0
  XPos: 97  YPos: 0
  XPos: 96  YPos: 0
  XPos: 95  YPos: 0
  XPos: 94  YPos: 0
  XPos: 93  YPos: 0
  XPos: 92  YPos: 0
  XPos: 91  YPos: 0
  XPos: 90  YPos: 0
  XPos: 89  YPos: 0
  XPos: 88  YPos: 0
  XPos: 87  YPos: 0
  XPos: 86  YPos: 0
  XPos: 85  YPos: 0
  XPos: 84  YPos: 0
  XPos: 83  YPos: 0
  XPos: 82  YPos: 0
  XPos: 81  YPos: 0
  XPos: 80  YPos: 0
  XPos: 79  YPos: 0
  XPos: 78  YPos: 0
  XPos: 77  YPos: 0
  XPos: 76  YPos: 0
  XPos: 75  YPos: 0
  XPos: 74  YPos: 0
  XPos: 73  YPos: 0
  XPos: 72  YPos: 0
  XPos: 71  YPos: 0
  XPos: 70  YPos: 0
  XPos: 69  YPos: 0
  XPos: 68  YPos: 0
  XPos: 67  YPos: 0
  XPos: 66  YPos: 0
  XPos: 65  YPos: 0
  XPos: 64  YPos: 0
  XPos: 63  YPos: 0
  XPos: 62  YPos: 0
  XPos: 61  YPos: 0
  XPos: 60  YPos: 0
  XPos: 59  YPos: 0
  XPos: 58  YPos: 0
  XPos: 57  YPos: 0
  XPos: 56  YPos: 0
  XPos: 55  YPos: 0
  XPos: 54  YPos: 0
  XPos: 53  YPos: 0
  XPos: 52  YPos: 0
  XPos: 51  YPos: 0
  XPos: 50  YPos: 0
  XPos: 49  YPos: 0
  XPos: 48  YPos: 0
  XPos: 47  YPos: 0
  XPos: 46  YPos: 0
  XPos: 45  YPos: 0
  XPos: 44  YPos: 0
  XPos: 43  YPos: 0
  XPos: 42  YPos: 0
  XPos: 41  YPos: 0
  XPos: 40  YPos: 0
  XPos: 39  YPos: 0
  XPos: 38  YPos: 0
  XPos: 37  YPos: 0
  XPos: 36  YPos: 0
  XPos: 35  YPos: 0
  XPos: 34  YPos: 0
  XPos: 33  YPos: 0
  XPos: 32  YPos: 0
  XPos: 31  YPos: 0
  XPos: 30  YPos: 0
  XPos: 29  YPos: 0
  XPos: 28  YPos: 0
  XPos: 27  YPos: 0
  XPos: 26  YPos: 0
  XPos: 25  YPos: 0
  XPos: 24  YPos: 0
  XPos: 23  YPos: 0
  XPos: 22  YPos: 0
  XPos: 21  YPos: 0
  XPos: 20  YPos: 0
  XPos: 19  YPos: 0
  XPos: 18  YPos: 0
  XPos: 17  YPos: 0
  XPos: 16  YPos: 0
  XPos: 15  YPos: 0
  XPos: 14  YPos: 0
  XPos: 13  YPos: 0
  XPos: 12  YPos: 0
  XPos: 11  YPos: 0
  XPos: 10  YPos: 0
  XPos: 9  YPos: 0
  XPos: 8  YPos: 0
  XPos: 7  YPos: 0
  XPos: 6  YPos: 0
  XPos: 5  YPos: 0
  XPos: 4  YPos: 0
  XPos: 3  YPos: 0
  XPos: 2  YPos: 0
  XPos: 1  YPos: 0
  XPos: 0  YPos: 0
  XPos: 0  YPos: 0
  XPos: 0  YPos: 1
  XPos: 0  YPos: 2
  XPos: 0  YPos: 3
  XPos: 0  YPos: 4
  XPos: 0  YPos: 5
  XPos: 0  YPos: 6
  XPos: 0  YPos: 7
  XPos: 0  YPos: 8
  XPos: 0  YPos: 9
  XPos: 0  YPos: 10
  XPos: 0  YPos: 11
  XPos: 0  YPos: 12
  XPos: 0  YPos: 13
  XPos: 0  YPos: 14
  XPos: 0  YPos: 15
  XPos: 0  YPos: 16
  XPos: 0  YPos: 17
  XPos: 0  YPos: 18
  XPos: 0  YPos: 19
  XPos: 0  YPos: 20
  XPos: 0  YPos: 21
  XPos: 0  YPos: 22
  XPos: 0  YPos: 23
  XPos: 0  YPos: 24
  XPos: 0  YPos: 25
  XPos: 0  YPos: 26
  XPos: 0  YPos: 27
  XPos: 0  YPos: 28
  XPos: 0  YPos: 29
  XPos: 0  YPos: 30
  XPos: 0  YPos: 31
  XPos: 0  YPos: 32
  XPos: 0  YPos: 33
  XPos: 0  YPos: 34
  XPos: 0  YPos: 35
  XPos: 0  YPos: 36
  XPos: 0  YPos: 37
  XPos: 0  YPos: 38
  XPos: 0  YPos: 39
  XPos: 0  YPos: 40
  XPos: 0  YPos: 41
  XPos: 0  YPos: 42
  XPos: 0  YPos: 43
  XPos: 0  YPos: 44
  XPos: 0  YPos: 45
  XPos: 0  YPos: 46
  XPos: 0  YPos: 47
  XPos: 0  YPos: 48
  XPos: 0  YPos: 49
  XPos: 0  YPos: 50
  XPos: 0  YPos: 51
  XPos: 0  YPos: 52
  XPos: 0  YPos: 53
  XPos: 0  YPos: 54
  XPos: 0  YPos: 55
  XPos: 0  YPos: 56
  XPos: 0  YPos: 57
  XPos: 0  YPos: 58
  XPos: 0  YPos: 59
  XPos: 0  YPos: 60
  XPos: 0  YPos: 61
  XPos: 0  YPos: 62
  XPos: 0  YPos: 63
  XPos: 0  YPos: 64
  XPos: 0  YPos: 65
  XPos: 0  YPos: 66
  XPos: 0  YPos: 67
  XPos: 0  YPos: 68
  XPos: 0  YPos: 69
  XPos: 0  YPos: 70
  XPos: 0  YPos: 71
  XPos: 0  YPos: 72
  XPos: 0  YPos: 73
  XPos: 0  YPos: 74
  XPos: 0  YPos: 75
  XPos: 0  YPos: 76
  XPos: 0  YPos: 77
  XPos: 0  YPos: 78
  XPos: 0  YPos: 79
  XPos: 0  YPos: 80
  XPos: 0  YPos: 81
  XPos: 0  YPos: 82
  XPos: 0  YPos: 83
  XPos: 0  YPos: 84
  XPos: 0  YPos: 85
  XPos: 0  YPos: 86
  XPos: 0  YPos: 87
  XPos: 0  YPos: 88
  XPos: 0  YPos: 89
  XPos: 0  YPos: 90
  XPos: 0  YPos: 91
  XPos: 0  YPos: 92
  XPos: 0  YPos: 93
  XPos: 0  YPos: 94
  XPos: 0  YPos: 95
  XPos: 0  YPos: 96
  XPos: 0  YPos: 97
  XPos: 0  YPos: 98
  XPos: 0  YPos: 99
  XPos: 0  YPos: 100
  XPos: 0  YPos: 100
  XPos: 1  YPos: 100
  XPos: 2  YPos: 100
  XPos: 3  YPos: 100
  XPos: 4  YPos: 100
  XPos: 5  YPos: 100
  XPos: 6  YPos: 100
  XPos: 7  YPos: 100
  XPos: 8  YPos: 100
  XPos: 9  YPos: 100
  XPos: 10  YPos: 100
  XPos: 11  YPos: 100
  XPos: 12  YPos: 100
  XPos: 13  YPos: 100
  XPos: 14  YPos: 100
  XPos: 15  YPos: 100
  XPos: 16  YPos: 100
  XPos: 17  YPos: 100
  XPos: 18  YPos: 100
  XPos: 19  YPos: 100
  XPos: 20  YPos: 100
  XPos: 21  YPos: 100
  XPos: 22  YPos: 100
  XPos: 23  YPos: 100
  XPos: 24  YPos: 100
  XPos: 25  YPos: 100
  XPos: 26  YPos: 100
  XPos: 27  YPos: 100
  XPos: 28  YPos: 100
  XPos: 29  YPos: 100
  XPos: 30  YPos: 100
  XPos: 31  YPos: 100
  XPos: 32  YPos: 100
  XPos: 33  YPos: 100
  XPos: 34  YPos: 100
  XPos: 35  YPos: 100
  XPos: 36  YPos: 100
  XPos: 37  YPos: 100
  XPos: 38  YPos: 100
  XPos: 39  YPos: 100
  XPos: 40  YPos: 100
  XPos: 41  YPos: 100
  XPos: 42  YPos: 100
  XPos: 43  YPos: 100
  XPos: 44  YPos: 100
  XPos: 45  YPos: 100
  XPos: 46  YPos: 100
  XPos: 47  YPos: 100
  XPos: 48  YPos: 100
  XPos: 49  YPos: 100
  XPos: 50  YPos: 100
  XPos: 51  YPos: 100
  XPos: 52  YPos: 100
  XPos: 53  YPos: 100
  XPos: 54  YPos: 100
  XPos: 55  YPos: 100
  XPos: 56  YPos: 100
  XPos: 57  YPos: 100
  XPos: 58  YPos: 100
  XPos: 59  YPos: 100
  XPos: 60  YPos: 100
  XPos: 61  YPos: 100
  XPos: 62  YPos: 100
  XPos: 63  YPos: 100
  XPos: 64  YPos: 100
  XPos: 65  YPos: 100
  XPos: 66  YPos: 100
  XPos: 67  YPos: 100
  XPos: 68  YPos: 100
  XPos: 69  YPos: 100
  XPos: 70  YPos: 100
  XPos: 71  YPos: 100
  XPos: 72  YPos: 100
  XPos: 73  YPos: 100
  XPos: 74  YPos: 100
  XPos: 75  YPos: 100
  XPos: 76  YPos: 100
  XPos: 77  YPos: 100
  XPos: 78  YPos: 100
  XPos: 79  YPos: 100
  XPos: 80  YPos: 100
  XPos: 81  YPos: 100
  XPos: 82  YPos: 100
  XPos: 83  YPos: 100
  XPos: 84  YPos: 100
  XPos: 85  YPos: 100
  XPos: 86  YPos: 100
  XPos: 87  YPos: 100
  XPos: 88  YPos: 100
  XPos: 89  YPos: 100
  XPos: 90  YPos: 100
  XPos: 91  YPos: 100
  XPos: 92  YPos: 100
  XPos: 93  YPos: 100
  XPos: 94  YPos: 100
  XPos: 95  YPos: 100
  XPos: 96  YPos: 100
  XPos: 97  YPos: 100
  XPos: 98  YPos: 100
  XPos: 99  YPos: 100
  XPos: 100  YPos: 100
  XPos: 100  YPos: 100
  XPos: 100  YPos: 99
  XPos: 100  YPos: 98
  XPos: 100  YPos: 97
  XPos: 100  YPos: 96
  XPos: 100  YPos: 95
  XPos: 100  YPos: 94
  XPos: 100  YPos: 93
  XPos: 100  YPos: 92
  XPos: 100  YPos: 91
  XPos: 100  YPos: 90
  XPos: 100  YPos: 89
  XPos: 100  YPos: 88
  XPos: 100  YPos: 87
  XPos: 100  YPos: 86
  XPos: 100  YPos: 85
  XPos: 100  YPos: 84
  XPos: 100  YPos: 83
  XPos: 100  YPos: 82
  XPos: 100  YPos: 81
  XPos: 100  YPos: 80
  XPos: 100  YPos: 79
  XPos: 100  YPos: 78
  XPos: 100  YPos: 77
  XPos: 100  YPos: 76
  XPos: 100  YPos: 75
  XPos: 100  YPos: 74
  XPos: 100  YPos: 73
  XPos: 100  YPos: 72
  XPos: 100  YPos: 71
  XPos: 100  YPos: 70
  XPos: 100  YPos: 69
  XPos: 100  YPos: 68
  XPos: 100  YPos: 67
  XPos: 100  YPos: 66
  XPos: 100  YPos: 65
  XPos: 100  YPos: 64
  XPos: 100  YPos: 63
  XPos: 100  YPos: 62
  XPos: 100  YPos: 61
  XPos: 100  YPos: 60
  XPos: 100  YPos: 59
  XPos: 100  YPos: 58
  XPos: 100  YPos: 57
  XPos: 100  YPos: 56
  XPos: 100  YPos: 55
  XPos: 100  YPos: 54
  XPos: 100  YPos: 53
  XPos: 100  YPos: 52
  XPos: 100  YPos: 51
  XPos: 100  YPos: 50
  XPos: 100  YPos: 49
  XPos: 100  YPos: 48
  XPos: 100  YPos: 47
  XPos: 100  YPos: 46
  XPos: 100  YPos: 45
  XPos: 100  YPos: 44
  XPos: 100  YPos: 43
  XPos: 100  YPos: 42
  XPos: 100  YPos: 41
  XPos: 100  YPos: 40
  XPos: 100  YPos: 39
  XPos: 100  YPos: 38
  XPos: 100  YPos: 37
  XPos: 100  YPos: 36
  XPos: 100  YPos: 35
  XPos: 100  YPos: 34
  XPos: 100  YPos: 33
  XPos: 100  YPos: 32
  XPos: 100  YPos: 31
  XPos: 100  YPos: 30
  XPos: 100  YPos: 29
  XPos: 100  YPos: 28
  XPos: 100  YPos: 27
  XPos: 100  YPos: 26
  XPos: 100  YPos: 25
  XPos: 100  YPos: 24
  XPos: 100  YPos: 23
  XPos: 100  YPos: 22
  XPos: 100  YPos: 21
  XPos: 100  YPos: 20
  XPos: 100  YPos: 19
  XPos: 100  YPos: 18
  XPos: 100  YPos: 17
  XPos: 100  YPos: 16
  XPos: 100  YPos: 15
  XPos: 100  YPos: 14
  XPos: 100  YPos: 13
  XPos: 100  YPos: 12
  XPos: 100  YPos: 11
  XPos: 100  YPos: 10
  XPos: 100  YPos: 9
  XPos: 100  YPos: 8
  XPos: 100  YPos: 7
  XPos: 100  YPos: 6
  XPos: 100  YPos: 5
  XPos: 100  YPos: 4
  XPos: 100  YPos: 3
  XPos: 100  YPos: 2
  XPos: 100  YPos: 1
  XPos: 100  YPos: 0
  XPos: 100  YPos: 0
  XPos: 99  YPos: 0
  XPos: 98  YPos: 0
  XPos: 97  YPos: 0
  XPos: 96  YPos: 0
  XPos: 95  YPos: 0
  XPos: 94  YPos: 0
  XPos: 93  YPos: 0
  XPos: 92  YPos: 0
  XPos: 91  YPos: 0
  XPos: 90  YPos: 0
  XPos: 89  YPos: 0
  XPos: 88  YPos: 0
  XPos: 87  YPos: 0
  XPos: 86  YPos: 0
  XPos: 85  YPos: 0
  XPos: 84  YPos: 0
  XPos: 83  YPos: 0
  XPos: 82  YPos: 0
  XPos: 81  YPos: 0
  XPos: 80  YPos: 0
  XPos: 79  YPos: 0
  XPos: 78  YPos: 0
  XPos: 77  YPos: 0
  XPos: 76  YPos: 0
  XPos: 75  YPos: 0
  XPos: 74  YPos: 0
  XPos: 73  YPos: 0
  XPos: 72  YPos: 0
  XPos: 71  YPos: 0
  XPos: 70  YPos: 0
  XPos: 69  YPos: 0
  XPos: 68  YPos: 0
  XPos: 67  YPos: 0
  XPos: 66  YPos: 0
  XPos: 65  YPos: 0
  XPos: 64  YPos: 0
  XPos: 63  YPos: 0
  XPos: 62  YPos: 0
  XPos: 61  YPos: 0
  XPos: 60  YPos: 0
  XPos: 59  YPos: 0
  XPos: 58  YPos: 0
  XPos: 57  YPos: 0
  XPos: 56  YPos: 0
  XPos: 55  YPos: 0
  XPos: 54  YPos: 0
  XPos: 53  YPos: 0
  XPos: 52  YPos: 0
  XPos: 51  YPos: 0
  XPos: 50  YPos: 0
  XPos: 49  YPos: 0
  XPos: 48  YPos: 0
  XPos: 47  YPos: 0
  XPos: 46  YPos: 0
  XPos: 45  YPos: 0
  XPos: 44  YPos: 0
  XPos: 43  YPos: 0
  XPos: 42  YPos: 0
  XPos: 41  YPos: 0
  XPos: 40  YPos: 0
  XPos: 39  YPos: 0
  XPos: 38  YPos: 0
  XPos: 37  YPos: 0
  XPos: 36  YPos: 0
  XPos: 35  YPos: 0
  XPos: 34  YPos: 0
  XPos: 33  YPos: 0
  XPos: 32  YPos: 0
  XPos: 31  YPos: 0
  XPos: 30  YPos: 0
  XPos: 29  YPos: 0
  XPos: 28  YPos: 0
  XPos: 27  YPos: 0
  XPos: 26  YPos: 0
  XPos: 25  YPos: 0
  XPos: 24  YPos: 0
  XPos: 23  YPos: 0
  XPos: 22  YPos: 0
  XPos: 21  YPos: 0
  XPos: 20  YPos: 0
  XPos: 19  YPos: 0
  XPos: 18  YPos: 0
  XPos: 17  YPos: 0
  XPos: 16  YPos: 0
  XPos: 15  YPos: 0
  XPos: 14  YPos: 0
  XPos: 13  YPos: 0
  XPos: 12  YPos: 0
  XPos: 11  YPos: 0
  XPos: 10  YPos: 0
  XPos: 9  YPos: 0
  XPos: 8  YPos: 0
  XPos: 7  YPos: 0
  XPos: 6  YPos: 0
  XPos: 5  YPos: 0
  XPos: 4  YPos: 0
  XPos: 3  YPos: 0
  XPos: 2  YPos: 0
  XPos: 1  YPos: 0
  XPos: 0  YPos: 0
  XPos: 0  YPos: 0
  XPos: 0  YPos: 0
